MPLINK 5.08, LINKER
Linker Map File - Created Fri Feb 17 18:48:52 2017

                                 Section Info
                  Section       Type    Address   Location Size(Bytes)
                ---------  ---------  ---------  ---------  ---------
                   .org_0       code   0x000000    program   0x000066
                   .cinit    romdata   0x000066    program   0x000002
.config_300000_BUILD/DEFAULT/PRODUCTION/DECODIF    romdata   0x300000    program   0x000001
.config_300001_BUILD/DEFAULT/PRODUCTION/DECODIF    romdata   0x300001    program   0x000001
.config_300002_BUILD/DEFAULT/PRODUCTION/DECODIF    romdata   0x300002    program   0x000001
.config_300003_BUILD/DEFAULT/PRODUCTION/DECODIF    romdata   0x300003    program   0x000001
.config_300005_BUILD/DEFAULT/PRODUCTION/DECODIF    romdata   0x300005    program   0x000001
.config_300006_BUILD/DEFAULT/PRODUCTION/DECODIF    romdata   0x300006    program   0x000001
.config_300008_BUILD/DEFAULT/PRODUCTION/DECODIF    romdata   0x300008    program   0x000001
.config_300009_BUILD/DEFAULT/PRODUCTION/DECODIF    romdata   0x300009    program   0x000001
.config_30000A_BUILD/DEFAULT/PRODUCTION/DECODIF    romdata   0x30000a    program   0x000001
.config_30000B_BUILD/DEFAULT/PRODUCTION/DECODIF    romdata   0x30000b    program   0x000001
.config_30000C_BUILD/DEFAULT/PRODUCTION/DECODIF    romdata   0x30000c    program   0x000001
.config_30000D_BUILD/DEFAULT/PRODUCTION/DECODIF    romdata   0x30000d    program   0x000001



                              Program Memory Usage 
                               Start         End      
                           ---------   ---------      
                            0x000000    0x000067      
                            0x300000    0x300003      
                            0x300005    0x300006      
                            0x300008    0x30000d      
            116 out of 33048 program addresses used, program memory utilization is 0%



                              Symbols - Sorted by Name
                     Name    Address   Location    Storage File                     
                ---------  ---------  ---------  --------- ---------                
                    bucle   0x000056    program     static C:\Users\LabElectI\MPLABXProjects\Practica1.X\decodificador.asm
                    ini_1   0x000052    program     static C:\Users\LabElectI\MPLABXProjects\Practica1.X\decodificador.asm
                   inicio   0x00001c    program     static C:\Users\LabElectI\MPLABXProjects\Practica1.X\decodificador.asm
                retardo_1   0x00004e    program     static C:\Users\LabElectI\MPLABXProjects\Practica1.X\decodificador.asm
                    tabla   0x00002c    program     static C:\Users\LabElectI\MPLABXProjects\Practica1.X\decodificador.asm



                              Symbols - Sorted by Address
                     Name    Address   Location    Storage File                     
                ---------  ---------  ---------  --------- ---------                
                   inicio   0x00001c    program     static C:\Users\LabElectI\MPLABXProjects\Practica1.X\decodificador.asm
                    tabla   0x00002c    program     static C:\Users\LabElectI\MPLABXProjects\Practica1.X\decodificador.asm
                retardo_1   0x00004e    program     static C:\Users\LabElectI\MPLABXProjects\Practica1.X\decodificador.asm
                    ini_1   0x000052    program     static C:\Users\LabElectI\MPLABXProjects\Practica1.X\decodificador.asm
                    bucle   0x000056    program     static C:\Users\LabElectI\MPLABXProjects\Practica1.X\decodificador.asm


